// Jest Snapshot v1, https://goo.gl/fbAQLP

exports[`Home page matches snapshot 1`] = `
<DocumentFragment>
  <main
    class="App"
  >
    <div
      class="c-bHGUZl"
    >
      <h1>
        Button
      </h1>
      <div
        class="c-dhzjXW"
      >
        <div
          class="c-dhzjXW c-dhzjXW-dCpVsf-gap-6 c-dhzjXW-icIHKxD-css"
        >
          <div
            class="c-dhzjXW c-dhzjXW-dCpVsf-gap-6"
          >
            <button
              class="c-hrdSAC c-hrdSAC-eowIFN-size-1 c-hrdSAC-eyZIWe-variant-brand-primary"
            >
              Button
            </button>
            <button
              class="c-hrdSAC c-hrdSAC-ixoLlf-size-2 c-hrdSAC-eyZIWe-variant-brand-primary"
            >
              Button
            </button>
            <button
              class="c-hrdSAC c-hrdSAC-fwAXgJ-size-3 c-hrdSAC-eyZIWe-variant-brand-primary"
            >
              Button
            </button>
          </div>
          <div
            class="c-dhzjXW c-dhzjXW-dCpVsf-gap-6 c-dhzjXW-icSayFg-css"
          >
            <button
              class="c-hrdSAC c-hrdSAC-eowIFN-size-1 c-hrdSAC-eyZIWe-variant-brand-primary"
              disabled=""
            >
              Button
            </button>
            <button
              class="c-hrdSAC c-hrdSAC-ixoLlf-size-2 c-hrdSAC-eyZIWe-variant-brand-primary"
              disabled=""
            >
              Button
            </button>
            <button
              class="c-hrdSAC c-hrdSAC-fwAXgJ-size-3 c-hrdSAC-eyZIWe-variant-brand-primary"
              disabled=""
            >
              Button
            </button>
          </div>
        </div>
        <div
          class="c-dhzjXW c-dhzjXW-dCpVsf-gap-6 c-dhzjXW-ifGdxdF-css"
        >
          <div
            class="c-dhzjXW c-dhzjXW-dCpVsf-gap-6"
          >
            <button
              class="c-hrdSAC c-hrdSAC-eowIFN-size-1 c-hrdSAC-eyZIWe-variant-brand-primary c-hrdSAC-eqRzQt-cv"
            >
              Button
            </button>
            <button
              class="c-hrdSAC c-hrdSAC-ixoLlf-size-2 c-hrdSAC-eyZIWe-variant-brand-primary c-hrdSAC-eqRzQt-cv"
            >
              Button
            </button>
            <button
              class="c-hrdSAC c-hrdSAC-fwAXgJ-size-3 c-hrdSAC-eyZIWe-variant-brand-primary c-hrdSAC-eqRzQt-cv"
            >
              Button
            </button>
          </div>
          <div
            class="c-dhzjXW c-dhzjXW-dCpVsf-gap-6 c-dhzjXW-icSayFg-css"
          >
            <button
              class="c-hrdSAC c-hrdSAC-eowIFN-size-1 c-hrdSAC-eyZIWe-variant-brand-primary c-hrdSAC-eqRzQt-cv"
              disabled=""
            >
              Button
            </button>
            <button
              class="c-hrdSAC c-hrdSAC-ixoLlf-size-2 c-hrdSAC-eyZIWe-variant-brand-primary c-hrdSAC-eqRzQt-cv"
              disabled=""
            >
              Button
            </button>
            <button
              class="c-hrdSAC c-hrdSAC-fwAXgJ-size-3 c-hrdSAC-eyZIWe-variant-brand-primary c-hrdSAC-eqRzQt-cv"
              disabled=""
            >
              Button
            </button>
          </div>
        </div>
      </div>
      <div
        class="c-dhzjXW"
      >
        <div
          class="c-dhzjXW c-dhzjXW-dCpVsf-gap-6 c-dhzjXW-icIHKxD-css"
        >
          <div
            class="c-dhzjXW c-dhzjXW-dCpVsf-gap-6"
          >
            <button
              class="c-hrdSAC c-hrdSAC-eowIFN-size-1 c-hrdSAC-cJmxtK-variant-brand-secondary"
            >
              Button
            </button>
            <button
              class="c-hrdSAC c-hrdSAC-ixoLlf-size-2 c-hrdSAC-cJmxtK-variant-brand-secondary"
            >
              Button
            </button>
            <button
              class="c-hrdSAC c-hrdSAC-fwAXgJ-size-3 c-hrdSAC-cJmxtK-variant-brand-secondary"
            >
              Button
            </button>
          </div>
          <div
            class="c-dhzjXW c-dhzjXW-dCpVsf-gap-6 c-dhzjXW-icSayFg-css"
          >
            <button
              class="c-hrdSAC c-hrdSAC-eowIFN-size-1 c-hrdSAC-cJmxtK-variant-brand-secondary"
              disabled=""
            >
              Button
            </button>
            <button
              class="c-hrdSAC c-hrdSAC-ixoLlf-size-2 c-hrdSAC-cJmxtK-variant-brand-secondary"
              disabled=""
            >
              Button
            </button>
            <button
              class="c-hrdSAC c-hrdSAC-fwAXgJ-size-3 c-hrdSAC-cJmxtK-variant-brand-secondary"
              disabled=""
            >
              Button
            </button>
          </div>
        </div>
        <div
          class="c-dhzjXW c-dhzjXW-dCpVsf-gap-6 c-dhzjXW-ifGdxdF-css"
        >
          <div
            class="c-dhzjXW c-dhzjXW-dCpVsf-gap-6"
          >
            <button
              class="c-hrdSAC c-hrdSAC-eowIFN-size-1 c-hrdSAC-cJmxtK-variant-brand-secondary c-hrdSAC-dxUgvN-cv"
            >
              Button
            </button>
            <button
              class="c-hrdSAC c-hrdSAC-ixoLlf-size-2 c-hrdSAC-cJmxtK-variant-brand-secondary c-hrdSAC-dxUgvN-cv"
            >
              Button
            </button>
            <button
              class="c-hrdSAC c-hrdSAC-fwAXgJ-size-3 c-hrdSAC-cJmxtK-variant-brand-secondary c-hrdSAC-dxUgvN-cv"
            >
              Button
            </button>
          </div>
          <div
            class="c-dhzjXW c-dhzjXW-dCpVsf-gap-6 c-dhzjXW-icSayFg-css"
          >
            <button
              class="c-hrdSAC c-hrdSAC-eowIFN-size-1 c-hrdSAC-cJmxtK-variant-brand-secondary c-hrdSAC-dxUgvN-cv"
              disabled=""
            >
              Button
            </button>
            <button
              class="c-hrdSAC c-hrdSAC-ixoLlf-size-2 c-hrdSAC-cJmxtK-variant-brand-secondary c-hrdSAC-dxUgvN-cv"
              disabled=""
            >
              Button
            </button>
            <button
              class="c-hrdSAC c-hrdSAC-fwAXgJ-size-3 c-hrdSAC-cJmxtK-variant-brand-secondary c-hrdSAC-dxUgvN-cv"
              disabled=""
            >
              Button
            </button>
          </div>
        </div>
      </div>
      <div
        class="c-dhzjXW"
      >
        <div
          class="c-dhzjXW c-dhzjXW-dCpVsf-gap-6 c-dhzjXW-icIHKxD-css"
        >
          <div
            class="c-dhzjXW c-dhzjXW-dCpVsf-gap-6"
          >
            <button
              class="c-hrdSAC c-hrdSAC-eowIFN-size-1 c-hrdSAC-dUID-variant-alt-primary"
            >
              Button
            </button>
            <button
              class="c-hrdSAC c-hrdSAC-ixoLlf-size-2 c-hrdSAC-dUID-variant-alt-primary"
            >
              Button
            </button>
            <button
              class="c-hrdSAC c-hrdSAC-fwAXgJ-size-3 c-hrdSAC-dUID-variant-alt-primary"
            >
              Button
            </button>
          </div>
          <div
            class="c-dhzjXW c-dhzjXW-dCpVsf-gap-6 c-dhzjXW-icSayFg-css"
          >
            <button
              class="c-hrdSAC c-hrdSAC-eowIFN-size-1 c-hrdSAC-dUID-variant-alt-primary"
              disabled=""
            >
              Button
            </button>
            <button
              class="c-hrdSAC c-hrdSAC-ixoLlf-size-2 c-hrdSAC-dUID-variant-alt-primary"
              disabled=""
            >
              Button
            </button>
            <button
              class="c-hrdSAC c-hrdSAC-fwAXgJ-size-3 c-hrdSAC-dUID-variant-alt-primary"
              disabled=""
            >
              Button
            </button>
          </div>
        </div>
        <div
          class="c-dhzjXW c-dhzjXW-dCpVsf-gap-6 c-dhzjXW-ifGdxdF-css"
        >
          <div
            class="c-dhzjXW c-dhzjXW-dCpVsf-gap-6"
          >
            <button
              class="c-hrdSAC c-hrdSAC-eowIFN-size-1 c-hrdSAC-dUID-variant-alt-primary c-hrdSAC-gWmlOW-cv"
            >
              Button
            </button>
            <button
              class="c-hrdSAC c-hrdSAC-ixoLlf-size-2 c-hrdSAC-dUID-variant-alt-primary c-hrdSAC-gWmlOW-cv"
            >
              Button
            </button>
            <button
              class="c-hrdSAC c-hrdSAC-fwAXgJ-size-3 c-hrdSAC-dUID-variant-alt-primary c-hrdSAC-gWmlOW-cv"
            >
              Button
            </button>
          </div>
          <div
            class="c-dhzjXW c-dhzjXW-dCpVsf-gap-6 c-dhzjXW-icSayFg-css"
          >
            <button
              class="c-hrdSAC c-hrdSAC-eowIFN-size-1 c-hrdSAC-dUID-variant-alt-primary c-hrdSAC-gWmlOW-cv"
              disabled=""
            >
              Button
            </button>
            <button
              class="c-hrdSAC c-hrdSAC-ixoLlf-size-2 c-hrdSAC-dUID-variant-alt-primary c-hrdSAC-gWmlOW-cv"
              disabled=""
            >
              Button
            </button>
            <button
              class="c-hrdSAC c-hrdSAC-fwAXgJ-size-3 c-hrdSAC-dUID-variant-alt-primary c-hrdSAC-gWmlOW-cv"
              disabled=""
            >
              Button
            </button>
          </div>
        </div>
      </div>
      <div
        class="c-dhzjXW"
      >
        <div
          class="c-dhzjXW c-dhzjXW-dCpVsf-gap-6 c-dhzjXW-icIHKxD-css"
        >
          <div
            class="c-dhzjXW c-dhzjXW-dCpVsf-gap-6"
          >
            <button
              class="c-hrdSAC c-hrdSAC-eowIFN-size-1 c-hrdSAC-bPFtSV-variant-alt-secondary"
            >
              Button
            </button>
            <button
              class="c-hrdSAC c-hrdSAC-ixoLlf-size-2 c-hrdSAC-bPFtSV-variant-alt-secondary"
            >
              Button
            </button>
            <button
              class="c-hrdSAC c-hrdSAC-fwAXgJ-size-3 c-hrdSAC-bPFtSV-variant-alt-secondary"
            >
              Button
            </button>
          </div>
          <div
            class="c-dhzjXW c-dhzjXW-dCpVsf-gap-6 c-dhzjXW-icSayFg-css"
          >
            <button
              class="c-hrdSAC c-hrdSAC-eowIFN-size-1 c-hrdSAC-bPFtSV-variant-alt-secondary"
              disabled=""
            >
              Button
            </button>
            <button
              class="c-hrdSAC c-hrdSAC-ixoLlf-size-2 c-hrdSAC-bPFtSV-variant-alt-secondary"
              disabled=""
            >
              Button
            </button>
            <button
              class="c-hrdSAC c-hrdSAC-fwAXgJ-size-3 c-hrdSAC-bPFtSV-variant-alt-secondary"
              disabled=""
            >
              Button
            </button>
          </div>
        </div>
        <div
          class="c-dhzjXW c-dhzjXW-dCpVsf-gap-6 c-dhzjXW-ifGdxdF-css"
        >
          <div
            class="c-dhzjXW c-dhzjXW-dCpVsf-gap-6"
          >
            <button
              class="c-hrdSAC c-hrdSAC-eowIFN-size-1 c-hrdSAC-bPFtSV-variant-alt-secondary c-hrdSAC-fpOWHm-cv"
            >
              Button
            </button>
            <button
              class="c-hrdSAC c-hrdSAC-ixoLlf-size-2 c-hrdSAC-bPFtSV-variant-alt-secondary c-hrdSAC-fpOWHm-cv"
            >
              Button
            </button>
            <button
              class="c-hrdSAC c-hrdSAC-fwAXgJ-size-3 c-hrdSAC-bPFtSV-variant-alt-secondary c-hrdSAC-fpOWHm-cv"
            >
              Button
            </button>
          </div>
          <div
            class="c-dhzjXW c-dhzjXW-dCpVsf-gap-6 c-dhzjXW-icSayFg-css"
          >
            <button
              class="c-hrdSAC c-hrdSAC-eowIFN-size-1 c-hrdSAC-bPFtSV-variant-alt-secondary c-hrdSAC-fpOWHm-cv"
              disabled=""
            >
              Button
            </button>
            <button
              class="c-hrdSAC c-hrdSAC-ixoLlf-size-2 c-hrdSAC-bPFtSV-variant-alt-secondary c-hrdSAC-fpOWHm-cv"
              disabled=""
            >
              Button
            </button>
            <button
              class="c-hrdSAC c-hrdSAC-fwAXgJ-size-3 c-hrdSAC-bPFtSV-variant-alt-secondary c-hrdSAC-fpOWHm-cv"
              disabled=""
            >
              Button
            </button>
          </div>
        </div>
      </div>
    </div>
  </main>
</DocumentFragment>
`;
